
show
---------------
1485643154-create_table.sql
1485648520-testdata.sql

up steps=1
---------------

show
---------------
1485643154-create_table.sql
1485648520-testdata.sql

status
---------------
Applied migrations:
1485643154|*now*

rollback
---------------

show
---------------
1485643154-create_table.sql
1485648520-testdata.sql

pending
---------------
1485643154-create_table.sql
1485648520-testdata.sql

migrate
---------------

down till=1485648520
---------------

status
---------------
Applied migrations:
1485643154|*now*

pending
---------------
1485648520-testdata.sql

show
---------------
1485643154-create_table.sql
1485648520-testdata.sql
